Hello Moe! You have 15 new messages.Hello Larry! You have 5 new messages.Hello Curly! You have 1 new messages.
